// Jest Snapshot v1, https://goo.gl/fbAQLP

exports[`renders basket view renders correctly 1`] = `
<View
  collapsable={false}
  pointerEvents="box-none"
  style={
    Object {
      "flex": 1,
    }
  }
>
  <RCTSafeAreaView
    emulateUnlessSupported={true}
    style={
      Object {
        "flex": 1,
      }
    }
  >
    <RCTScrollView>
      <View>
        <View
          accessibilityState={
            Object {
              "disabled": true,
            }
          }
          accessible={true}
          focusable={false}
          onClick={[Function]}
          onResponderGrant={[Function]}
          onResponderMove={[Function]}
          onResponderRelease={[Function]}
          onResponderTerminate={[Function]}
          onResponderTerminationRequest={[Function]}
          onStartShouldSetResponder={[Function]}
          style={
            Array [
              false,
              Array [
                Object {
                  "padding": 8,
                },
                undefined,
              ],
            ]
          }
        >
          <View
            style={
              Object {
                "flexDirection": "row",
              }
            }
          >
            <Image
              resizeMode="contain"
              source={
                Object {
                  "uri": "http://cdn-img.prettylittlething.com/9/0/a/a/90aa90903a135ee59594f47c7685aa7ef3046e44_cly8063_1.jpg?imwidth=1024",
                }
              }
              style={
                Object {
                  "height": 80,
                  "width": 80,
                }
              }
            />
            <View
              style={
                Array [
                  Object {
                    "marginVertical": 6,
                    "paddingLeft": 8,
                  },
                  Object {
                    "flex": 1,
                    "justifyContent": "center",
                  },
                ]
              }
            >
              <Text
                numberOfLines={2}
                selectable={false}
                style={
                  Array [
                    Object {
                      "color": "#000000",
                      "fontFamily": "System",
                      "fontWeight": "400",
                    },
                    Object {
                      "textAlign": "left",
                    },
                    Array [
                      Object {
                        "fontSize": 16,
                      },
                      Object {
                        "color": "rgba(0, 0, 0, 0.87)",
                      },
                      undefined,
                    ],
                  ]
                }
              >
                Black Sheet Strappy Textured Glitter Bodycon Dress
              </Text>
              <Text
                numberOfLines={2}
                selectable={false}
                style={
                  Array [
                    Object {
                      "color": "#000000",
                      "fontFamily": "System",
                      "fontWeight": "400",
                    },
                    Object {
                      "textAlign": "left",
                    },
                    Array [
                      Object {
                        "fontSize": 14,
                      },
                      Object {
                        "color": "rgba(0, 0, 0, 0.54)",
                      },
                      undefined,
                    ],
                  ]
                }
              >
                Price: £10  Colour: Black
              </Text>
            </View>
            <View
              accessible={true}
              collapsable={false}
              focusable={true}
              nativeID="animatedComponent"
              onClick={[Function]}
              onResponderGrant={[Function]}
              onResponderMove={[Function]}
              onResponderRelease={[Function]}
              onResponderTerminate={[Function]}
              onResponderTerminationRequest={[Function]}
              onStartShouldSetResponder={[Function]}
              style={
                Object {
                  "opacity": 1,
                }
              }
              testID="deleteIcon"
            >
              <View
                pointerEvents="box-none"
                style={
                  Array [
                    Object {
                      "alignItems": "center",
                      "height": 40,
                      "justifyContent": "center",
                      "margin": 8,
                      "width": 40,
                    },
                    Object {
                      "marginRight": 0,
                    },
                  ]
                }
              >
                <Text
                  accessibilityElementsHidden={true}
                  allowFontScaling={false}
                  importantForAccessibility="no-hide-descendants"
                  pointerEvents="none"
                  selectable={false}
                  style={
                    Array [
                      Object {
                        "color": "#d50000",
                        "fontSize": 24,
                      },
                      Array [
                        Object {
                          "lineHeight": 24,
                          "transform": Array [
                            Object {
                              "scaleX": 1,
                            },
                          ],
                        },
                        Object {
                          "backgroundColor": "transparent",
                        },
                      ],
                      Object {
                        "fontFamily": "Material Design Icons",
                        "fontStyle": "normal",
                        "fontWeight": "normal",
                      },
                      Object {},
                    ]
                  }
                >
                  󰆴
                </Text>
              </View>
            </View>
          </View>
        </View>
      </View>
    </RCTScrollView>
  </RCTSafeAreaView>
</View>
`;
